Microchip MPLAB XC8 Compiler V2.32

Linker command line:

-W-3 --edf=C:\Program Files\Microchip\xc8\v2.32\pic\dat\en_msgs.txt -cn \
  -h+dist/default/production\PWM007withRPM.X.production.sym \
  --cmf=dist/default/production\PWM007withRPM.X.production.cmf -z -Q16F1827 \
  -oC:\Users\surei\AppData\Local\Temp\xcAs8s4.4 --defsym=__MPLAB_BUILD=1 \
  -Mdist/default/production/PWM007withRPM.X.production.map -E1 \
  -ver=XC8 Compiler --acfsm=1493 -ASTACK=020E0h-0216Fh -pstack=STACK \
  -ACODE=00h-07FFhx2 -ASTRCODE=00h-0FFFh -ASTRING=00h-0FFhx16 \
  -ACONST=00h-0FFhx16 -AENTRY=00h-0FFhx16 -ACOMMON=070h-07Fh \
  -ABANK0=020h-06Fh -ABANK1=0A0h-0EFh -ABANK2=0120h-016Fh \
  -ABANK3=01A0h-01EFh -ABANK4=0220h-024Fh -ABIGRAM=02000h-0216Fh \
  -ARAM=020h-06Fh,0A0h-0EFh,0120h-016Fh,01A0h-01EFh,0220h-024Fh \
  -AABS1=020h-07Fh,0A0h-0EFh,0120h-016Fh,01A0h-01EFh,0220h-024Fh \
  -ASFR0=00h-01Fh -ASFR1=080h-09Fh -ASFR2=0100h-011Fh -ASFR3=0180h-019Fh \
  -ASFR4=0200h-021Fh -ASFR5=0280h-02EFh -ASFR6=0300h-036Fh \
  -ASFR7=0380h-03EFh -ASFR8=0400h-046Fh -ASFR9=0480h-04EFh \
  -ASFR10=0500h-056Fh -ASFR11=0580h-05EFh -ASFR12=0600h-066Fh \
  -ASFR13=0680h-06EFh -ASFR14=0700h-076Fh -ASFR15=0780h-07EFh \
  -ASFR16=0800h-086Fh -ASFR17=0880h-08EFh -ASFR18=0900h-096Fh \
  -ASFR19=0980h-09EFh -ASFR20=0A00h-0A6Fh -ASFR21=0A80h-0AEFh \
  -ASFR22=0B00h-0B6Fh -ASFR23=0B80h-0BEFh -ASFR24=0C00h-0C6Fh \
  -ASFR25=0C80h-0CEFh -ASFR26=0D00h-0D6Fh -ASFR27=0D80h-0DEFh \
  -ASFR28=0E00h-0E6Fh -ASFR29=0E80h-0EEFh -ASFR30=0F00h-0F6Fh \
  -ASFR31=0F80h-0FEFh -ACONFIG=08007h-08008h -DCONFIG=2 \
  -AIDLOC=08000h-08003h -DIDLOC=2 -AEEDATA=00h-0FFh/0F000h \
  -peeprom_data=EEDATA -DEEDATA=2 -DCODE=2 -DSTRCODE=2 -DSTRING=2 -DCONST=2 \
  -DENTRY=2 -preset_vec=00h,intentry=04h,init,end_init -ppowerup=CODE \
  -pcinit=CODE -pfunctab=ENTRY -k \
  C:\Users\surei\AppData\Local\Temp\xcAs8s4.o \
  dist/default/production\PWM007withRPM.X.production.o 

Object code version is 3.11

Machine type is 16F1827



                Name                               Link     Load   Length Selector   Space Scale
C:\Users\surei\AppData\Local\Temp\xcAs8s4.o
                end_init                             3C       3C        2        8       0
                reset_vec                             0        0        2        0       0
                config                             8007     8007        2        0       4
dist/default/production\PWM007withRPM.X.production.o
                cinit                                3E       3E       23        8       0
                intentry                              4        4       38        8       0
                config                             8007     8007        2        0       4
                text41                              EC1      EC1       1A     1D82       0
                text40                              DED      DED        4     1BDA       0
                text39                              DEB      DEB        1     1BD6       0
                text38                              DF1      DF1        4     1BE2       0
                text37                              7A4      7A4       39      F48       0
                text36                              7DD      7DD       21      F48       0
                text35                              F2D      F2D       1F     1E5A       0
                text34                              DEC      DEC        1     1BD8       0
                text33                              F9F      F9F       2B     1F3E       0
                text32                              E5C      E5C        F     1CB8       0
                text30                              EF5      EF5       1C     1DEA       0
                text29                              E4E      E4E        E     1C9C       0
                text28                              E0E      E0E        9     1C1C       0
                text27                              E17      E17        9     1C2E       0
                text26                              E20      E20        9     1C40       0
                text25                              E29      E29        9     1C52       0
                text24                              E32      E32        9     1C64       0
                text23                              6E0      6E0       45        8       0
                text22                              DFF      DFF        7     1BFE       0
                text21                              E7F      E7F       16     1CFE       0
                text20                              E06      E06        8     1C0C       0
                text19                              E3B      E3B        9     1C76       0
                text18                              E6B      E6B       14     1CD6       0
                text17                              DF5      DF5        4     1BEA       0
                text16                              E95      E95       16     1D2A       0
                text15                              4CA      4CA       AE        8       0
                text14                              F75      F75       2A     1EEA       0
                text13                              E44      E44        A     1C88       0
                text12                              725      725       41        8       0
                text11                              616      616       71        8       0
                text10                              2D8      2D8      105        8       0
                text9                               3DD      3DD       ED        8       0
                text8                               F11      F11       1C     1E22       0
                text7                               F4C      F4C       29     1E98       0
                text6                               EDB      EDB       1A     1DB6       0
                text5                               687      687       59        8       0
                text4                                61       61      169        8       0
                text3                               1CA      1CA      10E        8       0
                text2                               FCA      FCA       36     1F94       0
                text1                               EAB      EAB       16     1D56       0
                maintext                            578      578       9E        8       0
                cstackBANK0                          20       20       50       20       1
                cstackCOMMON                         76       76        6       70       1
                cstackBANK1                          C8       C8        E       A0       1
                cstackBANK2                         150      150        E      120       1
                clrtext                             DF9      DF9        6     1BF2       0
                bssBANK2                            120      120       30      120       1
                dataBANK1                            E1       E1        2       A0       1
                bssBANK1                             A0       A0       28       A0       1
                bssCOMMON                            70       70        6       70       1
                stringtext8                         858      858        3      FFC       0
                stringtext7                         854      854        4      FFC       0
                stringtext6                         848      848        C      FFC       0
                stringtext5                         839      839        F      FFC       0
                stringtext4                         828      828       11      FFC       0
                stringtext3                         7FE      7FE       16      FFC       0
                stringtext2                         766      766       3E      ECC       0
                nvBANK2                             15E      15E        2      120       1
                nvBANK1                              D6       D6        B       A0       1
                stringtext1                         814      814       14      FFC       0
                idataBANK1                            2        2        2        0       0

TOTAL           Name                               Link     Load   Length     Space
        CLASS   STACK          

        CLASS   CODE           
                end_init                             3C       3C        2         0
                cinit                                3E       3E       23         0
                intentry                              4        4       38         0
                reset_vec                             0        0        2         0
                text41                              EC1      EC1       1A         0
                text40                              DED      DED        4         0
                text39                              DEB      DEB        1         0
                text38                              DF1      DF1        4         0
                text37                              7A4      7A4       39         0
                text36                              7DD      7DD       21         0
                text35                              F2D      F2D       1F         0
                text34                              DEC      DEC        1         0
                text33                              F9F      F9F       2B         0
                text32                              E5C      E5C        F         0
                text30                              EF5      EF5       1C         0
                text29                              E4E      E4E        E         0
                text28                              E0E      E0E        9         0
                text27                              E17      E17        9         0
                text26                              E20      E20        9         0
                text25                              E29      E29        9         0
                text24                              E32      E32        9         0
                text23                              6E0      6E0       45         0
                text22                              DFF      DFF        7         0
                text21                              E7F      E7F       16         0
                text20                              E06      E06        8         0
                text19                              E3B      E3B        9         0
                text18                              E6B      E6B       14         0
                text17                              DF5      DF5        4         0
                text16                              E95      E95       16         0
                text15                              4CA      4CA       AE         0
                text14                              F75      F75       2A         0
                text13                              E44      E44        A         0
                text12                              725      725       41         0
                text11                              616      616       71         0
                text10                              2D8      2D8      105         0
                text9                               3DD      3DD       ED         0
                text8                               F11      F11       1C         0
                text7                               F4C      F4C       29         0
                text6                               EDB      EDB       1A         0
                text5                               687      687       59         0
                text4                                61       61      169         0
                text3                               1CA      1CA      10E         0
                text2                               FCA      FCA       36         0
                text1                               EAB      EAB       16         0
                maintext                            578      578       9E         0
                clrtext                             DF9      DF9        6         0
                idataBANK1                            2        2        2         0

        CLASS   STRCODE        
                stringtext8                         858      858        3         0
                stringtext7                         854      854        4         0
                stringtext6                         848      848        C         0
                stringtext5                         839      839        F         0
                stringtext4                         828      828       11         0
                stringtext3                         7FE      7FE       16         0
                stringtext2                         766      766       3E         0
                stringtext1                         814      814       14         0

        CLASS   STRING         

        CLASS   CONST          

        CLASS   ENTRY          

        CLASS   COMMON         
                cstackCOMMON                         76       76        6         1
                bssCOMMON                            70       70        6         1

        CLASS   BANK0          
                cstackBANK0                          20       20       50         1

        CLASS   BANK1          
                cstackBANK1                          C8       C8        E         1
                dataBANK1                            E1       E1        2         1
                bssBANK1                             A0       A0       28         1
                nvBANK1                              D6       D6        B         1

        CLASS   BANK2          
                cstackBANK2                         150      150        E         1
                bssBANK2                            120      120       30         1
                nvBANK2                             15E      15E        2         1

        CLASS   BANK3          

        CLASS   BANK4          

        CLASS   BIGRAM         

        CLASS   RAM            

        CLASS   ABS1           
                abs_s1                               7E       7E        2         1

        CLASS   SFR0           

        CLASS   SFR1           

        CLASS   SFR2           

        CLASS   SFR3           

        CLASS   SFR4           

        CLASS   SFR5           

        CLASS   SFR6           

        CLASS   SFR7           

        CLASS   SFR8           

        CLASS   SFR9           

        CLASS   SFR10          

        CLASS   SFR11          

        CLASS   SFR12          

        CLASS   SFR13          

        CLASS   SFR14          

        CLASS   SFR15          

        CLASS   SFR16          

        CLASS   SFR17          

        CLASS   SFR18          

        CLASS   SFR19          

        CLASS   SFR20          

        CLASS   SFR21          

        CLASS   SFR22          

        CLASS   SFR23          

        CLASS   SFR24          

        CLASS   SFR25          

        CLASS   SFR26          

        CLASS   SFR27          

        CLASS   SFR28          

        CLASS   SFR29          

        CLASS   SFR30          

        CLASS   SFR31          

        CLASS   CONFIG         
                config                             8007     8007        2         4

        CLASS   IDLOC          

        CLASS   EEDATA         

        CLASS   BANK31         

        CLASS   BANK30         

        CLASS   BANK29         

        CLASS   BANK28         

        CLASS   BANK27         

        CLASS   BANK26         

        CLASS   BANK25         

        CLASS   BANK24         

        CLASS   BANK23         

        CLASS   BANK22         

        CLASS   BANK21         

        CLASS   BANK20         

        CLASS   BANK19         

        CLASS   BANK18         

        CLASS   BANK17         

        CLASS   BANK16         

        CLASS   BANK15         

        CLASS   BANK14         

        CLASS   BANK13         

        CLASS   BANK12         

        CLASS   BANK11         

        CLASS   BANK10         

        CLASS   BANK9          

        CLASS   BANK8          

        CLASS   BANK7          

        CLASS   BANK6          

        CLASS   BANK5          



SEGMENTS        Name                           Load    Length   Top    Selector   Space  Class     Delta

                reset_vec                      000000  000004  000004         0       0  CODE        2
                intentry                       000004  000762  000766         8       0  CODE        2
                cstackBANK0                    000020  000050  000070        20       1  BANK0       1
                bssCOMMON                      000070  00000C  00007C        70       1  COMMON      1
                bssBANK1                       0000A0  000043  0000E3        A0       1  BANK1       1
                bssBANK2                       000120  000040  000160       120       1  BANK2       1
                stringtext2                    000766  00003E  0007A4       ECC       0  STRCODE     2
                text37                         0007A4  00005A  0007FE       F48       0  CODE        2
                stringtext3                    0007FE  00005D  00085B       FFC       0  STRCODE     2
                text39                         000DEB  000001  000DEC      1BD6       0  CODE        2
                text34                         000DEC  000001  000DED      1BD8       0  CODE        2
                text40                         000DED  000004  000DF1      1BDA       0  CODE        2
                text38                         000DF1  000004  000DF5      1BE2       0  CODE        2
                text17                         000DF5  000004  000DF9      1BEA       0  CODE        2
                clrtext                        000DF9  000006  000DFF      1BF2       0  CODE        2
                text22                         000DFF  000007  000E06      1BFE       0  CODE        2
                text20                         000E06  000008  000E0E      1C0C       0  CODE        2
                text28                         000E0E  000009  000E17      1C1C       0  CODE        2
                text27                         000E17  000009  000E20      1C2E       0  CODE        2
                text26                         000E20  000009  000E29      1C40       0  CODE        2
                text25                         000E29  000009  000E32      1C52       0  CODE        2
                text24                         000E32  000009  000E3B      1C64       0  CODE        2
                text19                         000E3B  000009  000E44      1C76       0  CODE        2
                text13                         000E44  00000A  000E4E      1C88       0  CODE        2
                text29                         000E4E  00000E  000E5C      1C9C       0  CODE        2
                text32                         000E5C  00000F  000E6B      1CB8       0  CODE        2
                text18                         000E6B  000014  000E7F      1CD6       0  CODE        2
                text21                         000E7F  000016  000E95      1CFE       0  CODE        2
                text16                         000E95  000016  000EAB      1D2A       0  CODE        2
                text1                          000EAB  000016  000EC1      1D56       0  CODE        2
                text41                         000EC1  00001A  000EDB      1D82       0  CODE        2
                text6                          000EDB  00001A  000EF5      1DB6       0  CODE        2
                text30                         000EF5  00001C  000F11      1DEA       0  CODE        2
                text8                          000F11  00001C  000F2D      1E22       0  CODE        2
                text35                         000F2D  00001F  000F4C      1E5A       0  CODE        2
                text7                          000F4C  000029  000F75      1E98       0  CODE        2
                text14                         000F75  00002A  000F9F      1EEA       0  CODE        2
                text33                         000F9F  00002B  000FCA      1F3E       0  CODE        2
                text2                          000FCA  000036  001000      1F94       0  CODE        2


UNUSED ADDRESS RANGES

        Name                Unused          Largest block    Delta
        BANK1            000E3-000EF               D           1
        BANK2            00160-0016F              10           1
        BANK3            001A0-001EF              50           1
        BANK4            00220-0024F              30           1
        BIGRAM           02000-0216F             170           1
        CODE             0085B-00DEA             590           2
        COMMON           0007C-0007D               2           1
        CONST            0085B-00DEA             100           2
        EEDATA           0F000-0F0FF             100           2
        ENTRY            0085B-00DEA             100           2
        IDLOC            08000-08003               4           2
        RAM              000E3-000EF               D           1
                         00160-0016F              10
                         001A0-001EF              50
                         00220-0024F              30
        SFR0             00000-0001F              20           1
        SFR1             00080-0009F              20           1
        SFR10            00500-0056F              70           1
        SFR11            00580-005EF              70           1
        SFR12            00600-0066F              70           1
        SFR13            00680-006EF              70           1
        SFR14            00700-0076F              70           1
        SFR15            00780-007EF              70           1
        SFR16            00800-0086F              70           1
        SFR17            00880-008EF              70           1
        SFR18            00900-0096F              70           1
        SFR19            00980-009EF              70           1
        SFR2             00100-0011F              20           1
        SFR20            00A00-00A6F              70           1
        SFR21            00A80-00AEF              70           1
        SFR22            00B00-00B6F              70           1
        SFR23            00B80-00BEF              70           1
        SFR24            00C00-00C6F              70           1
        SFR25            00C80-00CEF              70           1
        SFR26            00D00-00D6F              70           1
        SFR27            00D80-00DEF              70           1
        SFR28            00E00-00E6F              70           1
        SFR29            00E80-00EEF              70           1
        SFR3             00180-0019F              20           1
        SFR30            00F00-00F6F              70           1
        SFR31            00F80-00FEF              70           1
        SFR4             00200-0021F              20           1
        SFR5             00280-002EF              70           1
        SFR6             00300-0036F              70           1
        SFR7             00380-003EF              70           1
        SFR8             00400-0046F              70           1
        SFR9             00480-004EF              70           1
        STACK            020E0-0216F              90           1
        STRCODE          0085B-00DEA             590           2
        STRING           0085B-00DEA             100           2

                                  Symbol Table

?___aodiv                                      cstackBANK0  00020
?___aomod                                      cstackBANK0  00020
?___wmul                                       cstackCOMMON 00076
?_abs                                          cstackBANK0  00033
?_ctoa                                         cstackBANK0  0002C
?_dtoa                                         cstackBANK0  0003D
?_pad                                          cstackBANK0  00034
?_printf                                       cstackBANK1  000CD
?_strlen                                       cstackBANK0  00020
?_vfpfcnvrt                                    cstackBANK0  0005B
?_vfprintf                                     cstackBANK0  0006C
EPWM1_LoadDutyValue@dutyValue                  cstackBANK0  00020
EUSART_SetErrorHandler@interruptHandler        cstackBANK0  00020
EUSART_SetFramingErrorHandler@interruptHandler cstackBANK0  00020
EUSART_SetOverrunErrorHandler@interruptHandler cstackBANK0  00020
EUSART_SetRxInterruptHandler@interruptHandler  cstackBANK0  00020
EUSART_SetTxInterruptHandler@interruptHandler  cstackBANK0  00020
EUSART_Write@txData                            cstackBANK0  00020
TMR4_SetInterruptHandler@InterruptHandler      cstackBANK0  00020
_ANSELA                                        (abs)        0018C
_ANSELB                                        (abs)        0018D
_APFCON0                                       (abs)        0011D
_APFCON1                                       (abs)        0011E
_BAUDCON                                       (abs)        0019F
_BORCON                                        (abs)        00116
_CCP1CON                                       (abs)        00293
_CCPR1H                                        (abs)        00292
_CCPR1L                                        (abs)        00291
_CCPTMRS0bits                                  (abs)        0029E
_ECCP1AS                                       (abs)        00295
_EPWM1_Initialize                              text29       00E4E
_EPWM1_LoadDutyValue                           text30       00EF5
_EUSART_DefaultErrorHandler                    text40       00DED
_EUSART_DefaultFramingErrorHandler             text39       00DEB
_EUSART_DefaultOverrunErrorHandler             text38       00DF1
_EUSART_ErrorHandler                           nvBANK2      0015E
_EUSART_FramingErrorHandler                    nvBANK1      000DA
_EUSART_Initialize                             text23       006E0
_EUSART_OverrunErrorHandler                    nvBANK1      000D8
_EUSART_Read                                   (abs)        00000
_EUSART_Receive_ISR                            text37       007A4
_EUSART_RxDataHandler                          text41       00EC1
_EUSART_RxDefaultInterruptHandler              nvBANK1      000DC
_EUSART_SetErrorHandler                        text28       00E0E
_EUSART_SetFramingErrorHandler                 text27       00E17
_EUSART_SetOverrunErrorHandler                 text26       00E20
_EUSART_SetRxInterruptHandler                  text25       00E29
_EUSART_SetTxInterruptHandler                  text24       00E32
_EUSART_Transmit_ISR                           text36       007DD
_EUSART_TxDefaultInterruptHandler              nvBANK1      000DE
_EUSART_Write                                  text14       00F75
_EUSART_is_rx_ready                            (abs)        00000
_EUSART_is_tx_done                             (abs)        00000
_EUSART_is_tx_ready                            (abs)        00000
_INTCONbits                                    (abs)        0000B
_INTERRUPT_InterruptManager                    intentry     00004
_LATA                                          (abs)        0010C
_LATB                                          (abs)        0010D
_OPTION_REGbits                                (abs)        00095
_OSCCON                                        (abs)        00099
_OSCILLATOR_Initialize                         text22       00DFF
_OSCTUNE                                       (abs)        00098
_PIE1bits                                      (abs)        00091
_PIE3bits                                      (abs)        00093
_PIN_MANAGER_Initialize                        text21       00E7F
_PIR1bits                                      (abs)        00011
_PIR3bits                                      (abs)        00013
_PORTAbits                                     (abs)        0000C
_PR2                                           (abs)        0001B
_PR4                                           (abs)        00416
_PSTR1CON                                      (abs)        00296
_PWM1CON                                       (abs)        00294
_RCREG                                         (abs)        00199
_RCSTA                                         (abs)        0019D
_RCSTAbits                                     (abs)        0019D
_SPBRGH                                        (abs)        0019C
_SPBRGL                                        (abs)        0019B
_SYSTEM_Initialize                             text16       00E95
_T2CON                                         (abs)        0001C
_T2CONbits                                     (abs)        0001C
_T4CON                                         (abs)        00417
_T4CONbits                                     (abs)        00417
_TMR2                                          (abs)        0001A
_TMR2_Initialize                               text20       00E06
_TMR4                                          (abs)        00415
_TMR4_CustumCallBack                           text33       00F9F
_TMR4_DefaultInterruptHandler                  text34       00DEC
_TMR4_ISR                                      text32       00E5C
_TMR4_Initialize                               text18       00E6B
_TMR4_InterruptHandler                         nvBANK1      000D6
_TMR4_SetInterruptHandler                      text19       00E3B
_TRISA                                         (abs)        0008C
_TRISB                                         (abs)        0008D
_TXREG                                         (abs)        0019A
_TXSTA                                         (abs)        0019E
_TXSTAbits                                     (abs)        0019E
_WDTCON                                        (abs)        00097
_WDT_Initialize                                text17       00DF5
_WPUA                                          (abs)        0020C
_WPUB                                          (abs)        0020D
__Habs1                                        abs1         00000
__Hbank0                                       bank0        00000
__Hbank1                                       bank1        00000
__Hbank10                                      bank10       00000
__Hbank11                                      bank11       00000
__Hbank12                                      bank12       00000
__Hbank13                                      bank13       00000
__Hbank14                                      bank14       00000
__Hbank15                                      bank15       00000
__Hbank16                                      bank16       00000
__Hbank17                                      bank17       00000
__Hbank18                                      bank18       00000
__Hbank19                                      bank19       00000
__Hbank2                                       bank2        00000
__Hbank20                                      bank20       00000
__Hbank21                                      bank21       00000
__Hbank22                                      bank22       00000
__Hbank23                                      bank23       00000
__Hbank24                                      bank24       00000
__Hbank25                                      bank25       00000
__Hbank26                                      bank26       00000
__Hbank27                                      bank27       00000
__Hbank28                                      bank28       00000
__Hbank29                                      bank29       00000
__Hbank3                                       bank3        00000
__Hbank30                                      bank30       00000
__Hbank31                                      bank31       00000
__Hbank4                                       bank4        00000
__Hbank5                                       bank5        00000
__Hbank6                                       bank6        00000
__Hbank7                                       bank7        00000
__Hbank8                                       bank8        00000
__Hbank9                                       bank9        00000
__Hbigram                                      bigram       00000
__HbssBANK1                                    bssBANK1     00000
__HbssBANK2                                    bssBANK2     00000
__HbssCOMMON                                   bssCOMMON    00000
__Hcinit                                       cinit        00061
__Hclrtext                                     clrtext      00000
__Hcode                                        code         00000
__Hcommon                                      common       00000
__Hconfig                                      config       08009
__HcstackBANK0                                 cstackBANK0  00000
__HcstackBANK1                                 cstackBANK1  00000
__HcstackBANK2                                 cstackBANK2  00000
__HcstackCOMMON                                cstackCOMMON 00000
__HdataBANK1                                   dataBANK1    00000
__Heeprom_data                                 eeprom_data  00000
__Hend_init                                    end_init     0003E
__Hfunctab                                     functab      00000
__HidataBANK1                                  idataBANK1   00000
__Hinit                                        init         0003C
__Hintentry                                    intentry     0003C
__Hmaintext                                    maintext     00000
__HnvBANK1                                     nvBANK1      00000
__HnvBANK2                                     nvBANK2      00000
__Hpowerup                                     powerup      00000
__Hram                                         ram          00000
__Hreset_vec                                   reset_vec    00002
__Hsfr0                                        sfr0         00000
__Hsfr1                                        sfr1         00000
__Hsfr10                                       sfr10        00000
__Hsfr11                                       sfr11        00000
__Hsfr12                                       sfr12        00000
__Hsfr13                                       sfr13        00000
__Hsfr14                                       sfr14        00000
__Hsfr15                                       sfr15        00000
__Hsfr16                                       sfr16        00000
__Hsfr17                                       sfr17        00000
__Hsfr18                                       sfr18        00000
__Hsfr19                                       sfr19        00000
__Hsfr2                                        sfr2         00000
__Hsfr20                                       sfr20        00000
__Hsfr21                                       sfr21        00000
__Hsfr22                                       sfr22        00000
__Hsfr23                                       sfr23        00000
__Hsfr24                                       sfr24        00000
__Hsfr25                                       sfr25        00000
__Hsfr26                                       sfr26        00000
__Hsfr27                                       sfr27        00000
__Hsfr28                                       sfr28        00000
__Hsfr29                                       sfr29        00000
__Hsfr3                                        sfr3         00000
__Hsfr30                                       sfr30        00000
__Hsfr31                                       sfr31        00000
__Hsfr4                                        sfr4         00000
__Hsfr5                                        sfr5         00000
__Hsfr6                                        sfr6         00000
__Hsfr7                                        sfr7         00000
__Hsfr8                                        sfr8         00000
__Hsfr9                                        sfr9         00000
__Hspace_0                                     (abs)        01000
__Hspace_1                                     (abs)        00160
__Hspace_2                                     (abs)        00000
__Hspace_3                                     (abs)        00000
__Hspace_4                                     (abs)        10010
__Hstack                                       stack        00000
__Hstrings                                     strings      00000
__Hstringtext1                                 stringtext1  00000
__Hstringtext2                                 stringtext2  00000
__Hstringtext3                                 stringtext3  00000
__Hstringtext4                                 stringtext4  00000
__Hstringtext5                                 stringtext5  00000
__Hstringtext6                                 stringtext6  00000
__Hstringtext7                                 stringtext7  00000
__Hstringtext8                                 stringtext8  00000
__Hstringtext9                                 stringtext9  00000
__Htext                                        text         00000
__Labs1                                        abs1         00000
__Lbank0                                       bank0        00000
__Lbank1                                       bank1        00000
__Lbank10                                      bank10       00000
__Lbank11                                      bank11       00000
__Lbank12                                      bank12       00000
__Lbank13                                      bank13       00000
__Lbank14                                      bank14       00000
__Lbank15                                      bank15       00000
__Lbank16                                      bank16       00000
__Lbank17                                      bank17       00000
__Lbank18                                      bank18       00000
__Lbank19                                      bank19       00000
__Lbank2                                       bank2        00000
__Lbank20                                      bank20       00000
__Lbank21                                      bank21       00000
__Lbank22                                      bank22       00000
__Lbank23                                      bank23       00000
__Lbank24                                      bank24       00000
__Lbank25                                      bank25       00000
__Lbank26                                      bank26       00000
__Lbank27                                      bank27       00000
__Lbank28                                      bank28       00000
__Lbank29                                      bank29       00000
__Lbank3                                       bank3        00000
__Lbank30                                      bank30       00000
__Lbank31                                      bank31       00000
__Lbank4                                       bank4        00000
__Lbank5                                       bank5        00000
__Lbank6                                       bank6        00000
__Lbank7                                       bank7        00000
__Lbank8                                       bank8        00000
__Lbank9                                       bank9        00000
__Lbigram                                      bigram       00000
__LbssBANK1                                    bssBANK1     00000
__LbssBANK2                                    bssBANK2     00000
__LbssCOMMON                                   bssCOMMON    00000
__Lcinit                                       cinit        0003E
__Lclrtext                                     clrtext      00000
__Lcode                                        code         00000
__Lcommon                                      common       00000
__Lconfig                                      config       00000
__LcstackBANK0                                 cstackBANK0  00000
__LcstackBANK1                                 cstackBANK1  00000
__LcstackBANK2                                 cstackBANK2  00000
__LcstackCOMMON                                cstackCOMMON 00000
__LdataBANK1                                   dataBANK1    00000
__Leeprom_data                                 eeprom_data  00000
__Lend_init                                    end_init     0003C
__Lfunctab                                     functab      00000
__LidataBANK1                                  idataBANK1   00000
__Linit                                        init         0003C
__Lintentry                                    intentry     00004
__Lmaintext                                    maintext     00000
__LnvBANK1                                     nvBANK1      00000
__LnvBANK2                                     nvBANK2      00000
__Lpowerup                                     powerup      00000
__Lram                                         ram          00000
__Lreset_vec                                   reset_vec    00000
__Lsfr0                                        sfr0         00000
__Lsfr1                                        sfr1         00000
__Lsfr10                                       sfr10        00000
__Lsfr11                                       sfr11        00000
__Lsfr12                                       sfr12        00000
__Lsfr13                                       sfr13        00000
__Lsfr14                                       sfr14        00000
__Lsfr15                                       sfr15        00000
__Lsfr16                                       sfr16        00000
__Lsfr17                                       sfr17        00000
__Lsfr18                                       sfr18        00000
__Lsfr19                                       sfr19        00000
__Lsfr2                                        sfr2         00000
__Lsfr20                                       sfr20        00000
__Lsfr21                                       sfr21        00000
__Lsfr22                                       sfr22        00000
__Lsfr23                                       sfr23        00000
__Lsfr24                                       sfr24        00000
__Lsfr25                                       sfr25        00000
__Lsfr26                                       sfr26        00000
__Lsfr27                                       sfr27        00000
__Lsfr28                                       sfr28        00000
__Lsfr29                                       sfr29        00000
__Lsfr3                                        sfr3         00000
__Lsfr30                                       sfr30        00000
__Lsfr31                                       sfr31        00000
__Lsfr4                                        sfr4         00000
__Lsfr5                                        sfr5         00000
__Lsfr6                                        sfr6         00000
__Lsfr7                                        sfr7         00000
__Lsfr8                                        sfr8         00000
__Lsfr9                                        sfr9         00000
__Lspace_0                                     (abs)        00000
__Lspace_1                                     (abs)        00000
__Lspace_2                                     (abs)        00000
__Lspace_3                                     (abs)        00000
__Lspace_4                                     (abs)        00000
__Lstack                                       stack        00000
__Lstrings                                     strings      00000
__Lstringtext1                                 stringtext1  00000
__Lstringtext2                                 stringtext2  00000
__Lstringtext3                                 stringtext3  00000
__Lstringtext4                                 stringtext4  00000
__Lstringtext5                                 stringtext5  00000
__Lstringtext6                                 stringtext6  00000
__Lstringtext7                                 stringtext7  00000
__Lstringtext8                                 stringtext8  00000
__Lstringtext9                                 stringtext9  00000
__Ltext                                        text         00000
__S0                                           (abs)        01000
__S1                                           (abs)        00160
__S2                                           (abs)        00000
__S3                                           (abs)        00000
___aodiv                                       text10       002D8
___aodiv@counter                               cstackBANK0  00031
___aodiv@dividend                              cstackBANK0  00028
___aodiv@divisor                               cstackBANK0  00020
___aodiv@quotient                              cstackBANK0  00033
___aodiv@sign                                  cstackBANK0  00032
___aomod                                       text9        003DD
___aomod@counter                               cstackBANK0  00031
___aomod@dividend                              cstackBANK0  00028
___aomod@divisor                               cstackBANK0  00020
___aomod@sign                                  cstackBANK0  00032
___int_sp                                      stack        00000
___latbits                                     (abs)        00001
___sp                                          stack        00000
___stackhi                                     (abs)        0216F
___stacklo                                     (abs)        020E0
___wmul                                        text35       00F2D
___wmul@multiplicand                           cstackCOMMON 00078
___wmul@multiplier                             cstackCOMMON 00076
___wmul@product                                cstackCOMMON 0007A
__end_of_EPWM1_Initialize                      text29       00E5C
__end_of_EPWM1_LoadDutyValue                   text30       00F11
__end_of_EUSART_DefaultErrorHandler            text40       00DF1
__end_of_EUSART_DefaultFramingErrorHandler     text39       00DEC
__end_of_EUSART_DefaultOverrunErrorHandler     text38       00DF5
__end_of_EUSART_Initialize                     text23       00725
__end_of_EUSART_Receive_ISR                    text37       007DD
__end_of_EUSART_RxDataHandler                  text41       00EDB
__end_of_EUSART_SetErrorHandler                text28       00E17
__end_of_EUSART_SetFramingErrorHandler         text27       00E20
__end_of_EUSART_SetOverrunErrorHandler         text26       00E29
__end_of_EUSART_SetRxInterruptHandler          text25       00E32
__end_of_EUSART_SetTxInterruptHandler          text24       00E3B
__end_of_EUSART_Transmit_ISR                   text36       007FE
__end_of_EUSART_Write                          text14       00F9F
__end_of_INTERRUPT_InterruptManager            intentry     0003C
__end_of_OSCILLATOR_Initialize                 text22       00E06
__end_of_PIN_MANAGER_Initialize                text21       00E95
__end_of_SYSTEM_Initialize                     text16       00EAB
__end_of_TMR2_Initialize                       text20       00E0E
__end_of_TMR4_CustumCallBack                   text33       00FCA
__end_of_TMR4_DefaultInterruptHandler          text34       00DED
__end_of_TMR4_ISR                              text32       00E6B
__end_of_TMR4_Initialize                       text18       00E7F
__end_of_TMR4_SetInterruptHandler              text19       00E44
__end_of_WDT_Initialize                        text17       00DF9
__end_of___aodiv                               text10       003DD
__end_of___aomod                               text9        004CA
__end_of___wmul                                text35       00F4C
__end_of__initialization                       cinit        0005D
__end_of_abs                                   text8        00F2D
__end_of_ctoa                                  text11       00687
__end_of_dtoa                                  text4        001CA
__end_of_fputc                                 text12       00766
__end_of_fputs                                 text7        00F75
__end_of_main                                  maintext     00616
__end_of_memset                                text15       00578
__end_of_pad                                   text5        006E0
__end_of_printf                                text1        00EC1
__end_of_putch                                 text13       00E4E
__end_of_strlen                                text6        00EF5
__end_of_uart                                  stringtext1  00828
__end_of_vfpfcnvrt                             text3        002D8
__end_of_vfprintf                              text2        01000
__initialization                               cinit        0003E
__pbssBANK1                                    bssBANK1     000A0
__pbssBANK2                                    bssBANK2     00120
__pbssCOMMON                                   bssCOMMON    00070
__pcstackBANK0                                 cstackBANK0  00020
__pcstackBANK1                                 cstackBANK1  000C8
__pcstackBANK2                                 cstackBANK2  00150
__pcstackCOMMON                                cstackCOMMON 00076
__pdataBANK1                                   dataBANK1    000E1
__pidataBANK1                                  idataBANK1   00002
__pintentry                                    intentry     00004
__pmaintext                                    maintext     00578
__pnvBANK1                                     nvBANK1      000D6
__pnvBANK2                                     nvBANK2      0015E
__pstringtext1                                 stringtext1  00814
__pstringtext2                                 stringtext2  00766
__pstringtext3                                 stringtext3  007FE
__pstringtext4                                 stringtext4  00828
__pstringtext5                                 stringtext5  00839
__pstringtext6                                 stringtext6  00848
__pstringtext7                                 stringtext7  00854
__pstringtext8                                 stringtext8  00858
__pstringtext9                                 stringtext9  00000
__ptext1                                       text1        00EAB
__ptext10                                      text10       002D8
__ptext11                                      text11       00616
__ptext12                                      text12       00725
__ptext13                                      text13       00E44
__ptext14                                      text14       00F75
__ptext15                                      text15       004CA
__ptext16                                      text16       00E95
__ptext17                                      text17       00DF5
__ptext18                                      text18       00E6B
__ptext19                                      text19       00E3B
__ptext2                                       text2        00FCA
__ptext20                                      text20       00E06
__ptext21                                      text21       00E7F
__ptext22                                      text22       00DFF
__ptext23                                      text23       006E0
__ptext24                                      text24       00E32
__ptext25                                      text25       00E29
__ptext26                                      text26       00E20
__ptext27                                      text27       00E17
__ptext28                                      text28       00E0E
__ptext29                                      text29       00E4E
__ptext3                                       text3        001CA
__ptext30                                      text30       00EF5
__ptext32                                      text32       00E5C
__ptext33                                      text33       00F9F
__ptext34                                      text34       00DEC
__ptext35                                      text35       00F2D
__ptext36                                      text36       007DD
__ptext37                                      text37       007A4
__ptext38                                      text38       00DF1
__ptext39                                      text39       00DEB
__ptext4                                       text4        00061
__ptext40                                      text40       00DED
__ptext41                                      text41       00EC1
__ptext5                                       text5        00687
__ptext6                                       text6        00EDB
__ptext7                                       text7        00F4C
__ptext8                                       text8        00F11
__ptext9                                       text9        003DD
__size_of_EPWM1_Initialize                     (abs)        00000
__size_of_EPWM1_LoadDutyValue                  (abs)        00000
__size_of_EUSART_DefaultErrorHandler           (abs)        00000
__size_of_EUSART_DefaultFramingErrorHandler    (abs)        00000
__size_of_EUSART_DefaultOverrunErrorHandler    (abs)        00000
__size_of_EUSART_Initialize                    (abs)        00000
__size_of_EUSART_Receive_ISR                   (abs)        00000
__size_of_EUSART_RxDataHandler                 (abs)        00000
__size_of_EUSART_SetErrorHandler               (abs)        00000
__size_of_EUSART_SetFramingErrorHandler        (abs)        00000
__size_of_EUSART_SetOverrunErrorHandler        (abs)        00000
__size_of_EUSART_SetRxInterruptHandler         (abs)        00000
__size_of_EUSART_SetTxInterruptHandler         (abs)        00000
__size_of_EUSART_Transmit_ISR                  (abs)        00000
__size_of_EUSART_Write                         (abs)        00000
__size_of_INTERRUPT_InterruptManager           (abs)        00000
__size_of_OSCILLATOR_Initialize                (abs)        00000
__size_of_PIN_MANAGER_Initialize               (abs)        00000
__size_of_SYSTEM_Initialize                    (abs)        00000
__size_of_TMR2_Initialize                      (abs)        00000
__size_of_TMR4_CustumCallBack                  (abs)        00000
__size_of_TMR4_DefaultInterruptHandler         (abs)        00000
__size_of_TMR4_ISR                             (abs)        00000
__size_of_TMR4_Initialize                      (abs)        00000
__size_of_TMR4_SetInterruptHandler             (abs)        00000
__size_of_WDT_Initialize                       (abs)        00000
__size_of___aodiv                              (abs)        00000
__size_of___aomod                              (abs)        00000
__size_of___wmul                               (abs)        00000
__size_of_abs                                  (abs)        00000
__size_of_ctoa                                 (abs)        00000
__size_of_dtoa                                 (abs)        00000
__size_of_fputc                                (abs)        00000
__size_of_fputs                                (abs)        00000
__size_of_main                                 (abs)        00000
__size_of_memset                               (abs)        00000
__size_of_pad                                  (abs)        00000
__size_of_printf                               (abs)        00000
__size_of_putch                                (abs)        00000
__size_of_strlen                               (abs)        00000
__size_of_vfpfcnvrt                            (abs)        00000
__size_of_vfprintf                             (abs)        00000
_abs                                           text8        00F11
_ctoa                                          text11       00616
_dbuf                                          bssBANK2     00120
_dtoa                                          text4        00061
_dtoa$1427                                     cstackBANK0  00048
_eusartRxBuffer                                bssBANK1     000A8
_eusartRxCount                                 bssBANK1     000C7
_eusartRxHead                                  bssCOMMON    00073
_eusartRxLastError                             bssBANK1     000C6
_eusartRxStatusBuffer                          bssBANK1     000A0
_eusartRxTail                                  bssCOMMON    00072
_eusartTxBuffer                                bssBANK1     000B0
_eusartTxBufferRemaining                       nvBANK1      000E0
_eusartTxHead                                  bssCOMMON    00075
_eusartTxTail                                  bssCOMMON    00074
_flags                                         bssCOMMON    00070
_fputc                                         text12       00725
_fputs                                         text7        00F4C
_main                                          maintext     00578
_memset                                        text15       004CA
_nout                                          bssBANK1     000B8
_old_temp_duty                                 bssBANK1     000BE
_pad                                           text5        00687
_prec                                          bssBANK1     000BC
_printf                                        text1        00EAB
_putch                                         text13       00E44
_rx                                            bssBANK2     00140
_strlen                                        text6        00EDB
_temp_duty                                     bssBANK1     000C0
_tempsignalon_count                            bssBANK1     000C2
_tmr4_count                                    bssBANK1     000C4
_uart                                          stringtext1  00814
_vfpfcnvrt                                     text3        001CA
_vfprintf                                      text2        00FCA
_width                                         bssBANK1     000BA
abs@a                                          cstackBANK0  00033
btemp                                          (abs)        0007E
clear_ram0                                     clrtext      00DF9
ctoa@c                                         cstackBANK0  0002C
ctoa@fp                                        cstackBANK0  00035
ctoa@l                                         cstackBANK0  00031
ctoa@w                                         cstackBANK0  00033
dtoa@d                                         cstackBANK0  0003D
dtoa@fp                                        cstackBANK0  0004A
dtoa@i                                         cstackBANK0  00059
dtoa@n                                         cstackBANK0  00051
dtoa@p                                         cstackBANK0  0004B
dtoa@s                                         cstackBANK0  0004F
dtoa@w                                         cstackBANK0  0004D
end_of_initialization                          cinit        0005D
fputc@c                                        cstackBANK0  00024
fputc@fp                                       cstackBANK0  00026
fputs@c                                        cstackBANK0  00030
fputs@fp                                       cstackBANK0  0002C
fputs@i                                        cstackBANK0  00031
fputs@s                                        cstackBANK0  00033
int$flags                                      (abs)        0007E
intlevel0                                      functab      00000
intlevel1                                      functab      00000
intlevel2                                      functab      00000
intlevel3                                      functab      00000
intlevel4                                      functab      00000
intlevel5                                      functab      00000
main@maxDuty                                   cstackBANK2  0015C
main@minDuty                                   cstackBANK2  0015A
main@strBuf                                    cstackBANK2  00150
memset@c                                       cstackBANK0  00020
memset@dest                                    cstackBANK0  00028
memset@k                                       cstackBANK0  00026
memset@n                                       cstackBANK0  00022
memset@s                                       cstackBANK0  00029
pad@buf                                        cstackBANK0  00034
pad@fp                                         cstackBANK0  0003C
pad@i                                          cstackBANK0  00038
pad@p                                          cstackBANK0  00035
pad@w                                          cstackBANK0  0003A
printf@ap                                      cstackBANK1  000D3
printf@fmt                                     cstackBANK1  000CD
putch@txData                                   cstackBANK0  00023
reset_vec                                      reset_vec    00000
start                                          init         0003C
start_initialization                           cinit        0003E
strlen@a                                       cstackBANK0  00023
strlen@s                                       cstackBANK0  00020
vfpfcnvrt@ap                                   cstackBANK0  0005C
vfpfcnvrt@c                                    cstackBANK0  0006A
vfpfcnvrt@fmt                                  cstackBANK0  0005B
vfpfcnvrt@fp                                   cstackBANK0  0006B
vfpfcnvrt@ll                                   cstackBANK0  00062
vfprintf@ap                                    cstackBANK0  0006E
vfprintf@cfmt                                  cstackBANK1  000CB
vfprintf@fmt                                   cstackBANK0  0006C
vfprintf@fp                                    cstackBANK1  000CA
wtemp0                                         (abs)        0007E


MODULE INFORMATION

Module		Function		Class		Link	Load	Size
C:\Program Files\Microchip\xc8\v2.32\pic\sources\c99\common\memset.c
		_memset        		CODE           	04CA	0000	174

C:\Program Files\Microchip\xc8\v2.32\pic\sources\c99\common\memset.c estimated size: 174

C:\Program Files\Microchip\xc8\v2.32\pic\sources\c99\common\doprnt.c
		_vfpfcnvrt     		CODE           	01CA	0000	270
		_pad           		CODE           	0687	0000	89
		_ctoa          		CODE           	0616	0000	113
		_dtoa          		CODE           	0061	0000	361
		_vfprintf      		CODE           	0FCA	0000	54

C:\Program Files\Microchip\xc8\v2.32\pic\sources\c99\common\doprnt.c estimated size: 887

mcc_generated_files/tmr4.c
		_TMR4_ISR      		CODE           	0E5C	0000	15
		_TMR4_Initialize		CODE           	0E6B	0000	20
		_TMR4_SetInterruptHandler		CODE           	0E3B	0000	9
		_TMR4_DefaultInterruptHandler		CODE           	0DEC	0000	1

mcc_generated_files/tmr4.c estimated size: 45

mcc_generated_files/tmr2.c
		_TMR2_Initialize		CODE           	0E06	0000	8

mcc_generated_files/tmr2.c estimated size: 8

mcc_generated_files/interrupt_manager.c
		_INTERRUPT_InterruptManager		CODE           	0004	0000	56

mcc_generated_files/interrupt_manager.c estimated size: 56

mcc_generated_files/pin_manager.c
		_PIN_MANAGER_Initialize		CODE           	0E7F	0000	22

mcc_generated_files/pin_manager.c estimated size: 22

C:\Program Files\Microchip\xc8\v2.32\pic\sources\c99\common\nf_fputs.c
		_fputs         		CODE           	0F4C	0000	41

C:\Program Files\Microchip\xc8\v2.32\pic\sources\c99\common\nf_fputs.c estimated size: 41

C:\Program Files\Microchip\xc8\v2.32\pic\sources\c99\common\Umul16.c
		___wmul        		CODE           	0F2D	0000	31

C:\Program Files\Microchip\xc8\v2.32\pic\sources\c99\common\Umul16.c estimated size: 31

C:\Program Files\Microchip\xc8\v2.32\pic\sources\c99\common\abs.c
		_abs           		CODE           	0F11	0000	28

C:\Program Files\Microchip\xc8\v2.32\pic\sources\c99\common\abs.c estimated size: 28

C:\Program Files\Microchip\xc8\v2.32\pic\sources\c99\common\aomod.c
		___aomod       		CODE           	03DD	0000	237

C:\Program Files\Microchip\xc8\v2.32\pic\sources\c99\common\aomod.c estimated size: 237

shared
		_uart          		STRCODE        	0814	0000	20
		__initialization		CODE           	003E	0000	31

shared estimated size: 51

mcc_generated_files/mcc.c
		_WDT_Initialize		CODE           	0DF5	0000	4
		_OSCILLATOR_Initialize		CODE           	0DFF	0000	7
		_SYSTEM_Initialize		CODE           	0E95	0000	22

mcc_generated_files/mcc.c estimated size: 33

mcc_generated_files/epwm1.c
		_EPWM1_LoadDutyValue		CODE           	0EF5	0000	28
		_EPWM1_Initialize		CODE           	0E4E	0000	14

mcc_generated_files/epwm1.c estimated size: 42

C:\Program Files\Microchip\xc8\v2.32\pic\sources\c99\common\printf.c
		_printf        		CODE           	0EAB	0000	22

C:\Program Files\Microchip\xc8\v2.32\pic\sources\c99\common\printf.c estimated size: 22

C:\Program Files\Microchip\xc8\v2.32\pic\sources\c99\common\nf_fputc.c
		_fputc         		CODE           	0725	0000	65

C:\Program Files\Microchip\xc8\v2.32\pic\sources\c99\common\nf_fputc.c estimated size: 65

mcc_generated_files/eusart.c
		_EUSART_SetRxInterruptHandler		CODE           	0E29	0000	9
		_EUSART_SetTxInterruptHandler		CODE           	0E32	0000	9
		_putch         		CODE           	0E44	0000	10
		_EUSART_DefaultOverrunErrorHandler		CODE           	0DF1	0000	4
		_EUSART_Write  		CODE           	0F75	0000	42
		_EUSART_DefaultErrorHandler		CODE           	0DED	0000	4
		_EUSART_Transmit_ISR		CODE           	07DD	0000	33
		_EUSART_Initialize		CODE           	06E0	0000	69
		_EUSART_SetFramingErrorHandler		CODE           	0E17	0000	9
		_EUSART_SetErrorHandler		CODE           	0E0E	0000	9
		_EUSART_SetOverrunErrorHandler		CODE           	0E20	0000	9
		_EUSART_Receive_ISR		CODE           	07A4	0000	57
		_EUSART_RxDataHandler		CODE           	0EC1	0000	26
		_EUSART_DefaultFramingErrorHandler		CODE           	0DEB	0000	1

mcc_generated_files/eusart.c estimated size: 291

C:\Program Files\Microchip\xc8\v2.32\pic\sources\c99\common\aodiv.c
		___aodiv       		CODE           	02D8	0000	261

C:\Program Files\Microchip\xc8\v2.32\pic\sources\c99\common\aodiv.c estimated size: 261

main.c
		_TMR4_CustumCallBack		CODE           	0F9F	0000	43
		_main          		CODE           	0578	0000	158

main.c estimated size: 201

C:\Program Files\Microchip\xc8\v2.32\pic\sources\c99\common\strlen.c
		_strlen        		CODE           	0EDB	0000	26

C:\Program Files\Microchip\xc8\v2.32\pic\sources\c99\common\strlen.c estimated size: 26

